Archive member included to satisfy reference by file (symbol)

c:/st/stm32cubeide_1.6.0/stm32cubeide/plugins/com.st.stm32cube.ide.mcu.externaltools.gnu-tools-for-stm32.9-2020-q2-update.win32_1.5.0.202011040924/tools/bin/../lib/gcc/arm-none-eabi/9.3.1/../../../../arm-none-eabi/lib/thumb/v7e-m+fp/hard\libc_nano.a(lib_a-errno.o)
                              Core/Src/syscalls.o (__errno)
c:/st/stm32cubeide_1.6.0/stm32cubeide/plugins/com.st.stm32cube.ide.mcu.externaltools.gnu-tools-for-stm32.9-2020-q2-update.win32_1.5.0.202011040924/tools/bin/../lib/gcc/arm-none-eabi/9.3.1/../../../../arm-none-eabi/lib/thumb/v7e-m+fp/hard\libc_nano.a(lib_a-exit.o)
                              c:/st/stm32cubeide_1.6.0/stm32cubeide/plugins/com.st.stm32cube.ide.mcu.externaltools.gnu-tools-for-stm32.9-2020-q2-update.win32_1.5.0.202011040924/tools/bin/../lib/gcc/arm-none-eabi/9.3.1/../../../../arm-none-eabi/lib/thumb/v7e-m+fp/hard/crt0.o (exit)
c:/st/stm32cubeide_1.6.0/stm32cubeide/plugins/com.st.stm32cube.ide.mcu.externaltools.gnu-tools-for-stm32.9-2020-q2-update.win32_1.5.0.202011040924/tools/bin/../lib/gcc/arm-none-eabi/9.3.1/../../../../arm-none-eabi/lib/thumb/v7e-m+fp/hard\libc_nano.a(lib_a-impure.o)
                              c:/st/stm32cubeide_1.6.0/stm32cubeide/plugins/com.st.stm32cube.ide.mcu.externaltools.gnu-tools-for-stm32.9-2020-q2-update.win32_1.5.0.202011040924/tools/bin/../lib/gcc/arm-none-eabi/9.3.1/../../../../arm-none-eabi/lib/thumb/v7e-m+fp/hard\libc_nano.a(lib_a-exit.o) (_global_impure_ptr)
c:/st/stm32cubeide_1.6.0/stm32cubeide/plugins/com.st.stm32cube.ide.mcu.externaltools.gnu-tools-for-stm32.9-2020-q2-update.win32_1.5.0.202011040924/tools/bin/../lib/gcc/arm-none-eabi/9.3.1/../../../../arm-none-eabi/lib/thumb/v7e-m+fp/hard\libc_nano.a(lib_a-init.o)
                              c:/st/stm32cubeide_1.6.0/stm32cubeide/plugins/com.st.stm32cube.ide.mcu.externaltools.gnu-tools-for-stm32.9-2020-q2-update.win32_1.5.0.202011040924/tools/bin/../lib/gcc/arm-none-eabi/9.3.1/../../../../arm-none-eabi/lib/thumb/v7e-m+fp/hard/crt0.o (__libc_init_array)
c:/st/stm32cubeide_1.6.0/stm32cubeide/plugins/com.st.stm32cube.ide.mcu.externaltools.gnu-tools-for-stm32.9-2020-q2-update.win32_1.5.0.202011040924/tools/bin/../lib/gcc/arm-none-eabi/9.3.1/../../../../arm-none-eabi/lib/thumb/v7e-m+fp/hard\libc_nano.a(lib_a-memset.o)
                              c:/st/stm32cubeide_1.6.0/stm32cubeide/plugins/com.st.stm32cube.ide.mcu.externaltools.gnu-tools-for-stm32.9-2020-q2-update.win32_1.5.0.202011040924/tools/bin/../lib/gcc/arm-none-eabi/9.3.1/../../../../arm-none-eabi/lib/thumb/v7e-m+fp/hard/crt0.o (memset)
c:/st/stm32cubeide_1.6.0/stm32cubeide/plugins/com.st.stm32cube.ide.mcu.externaltools.gnu-tools-for-stm32.9-2020-q2-update.win32_1.5.0.202011040924/tools/bin/../lib/gcc/arm-none-eabi/9.3.1/thumb/v7e-m+fp/hard\libgcc.a(_aeabi_uldivmod.o)
                              Drivers/STM32F4xx_HAL_Driver/Src/stm32f4xx_hal_rcc.o (__aeabi_uldivmod)
c:/st/stm32cubeide_1.6.0/stm32cubeide/plugins/com.st.stm32cube.ide.mcu.externaltools.gnu-tools-for-stm32.9-2020-q2-update.win32_1.5.0.202011040924/tools/bin/../lib/gcc/arm-none-eabi/9.3.1/thumb/v7e-m+fp/hard\libgcc.a(_udivmoddi4.o)
                              c:/st/stm32cubeide_1.6.0/stm32cubeide/plugins/com.st.stm32cube.ide.mcu.externaltools.gnu-tools-for-stm32.9-2020-q2-update.win32_1.5.0.202011040924/tools/bin/../lib/gcc/arm-none-eabi/9.3.1/thumb/v7e-m+fp/hard\libgcc.a(_aeabi_uldivmod.o) (__udivmoddi4)
c:/st/stm32cubeide_1.6.0/stm32cubeide/plugins/com.st.stm32cube.ide.mcu.externaltools.gnu-tools-for-stm32.9-2020-q2-update.win32_1.5.0.202011040924/tools/bin/../lib/gcc/arm-none-eabi/9.3.1/thumb/v7e-m+fp/hard\libgcc.a(_dvmd_tls.o)
                              c:/st/stm32cubeide_1.6.0/stm32cubeide/plugins/com.st.stm32cube.ide.mcu.externaltools.gnu-tools-for-stm32.9-2020-q2-update.win32_1.5.0.202011040924/tools/bin/../lib/gcc/arm-none-eabi/9.3.1/thumb/v7e-m+fp/hard\libgcc.a(_aeabi_uldivmod.o) (__aeabi_ldiv0)

Allocating common symbols
Common symbol       size              file

uwTick              0x4               Drivers/STM32F4xx_HAL_Driver/Src/stm32f4xx_hal.o
pFlash              0x20              Drivers/STM32F4xx_HAL_Driver/Src/stm32f4xx_hal_flash.o
rxTempBuffer        0xa               Core/Src/main.o
huart1              0x44              Core/Src/main.o
rxBuffer            0x64              Core/Src/main.o

Discarded input sections

 .text          0x0000000000000000        0x0 c:/st/stm32cubeide_1.6.0/stm32cubeide/plugins/com.st.stm32cube.ide.mcu.externaltools.gnu-tools-for-stm32.9-2020-q2-update.win32_1.5.0.202011040924/tools/bin/../lib/gcc/arm-none-eabi/9.3.1/thumb/v7e-m+fp/hard/crti.o
 .data          0x0000000000000000        0x0 c:/st/stm32cubeide_1.6.0/stm32cubeide/plugins/com.st.stm32cube.ide.mcu.externaltools.gnu-tools-for-stm32.9-2020-q2-update.win32_1.5.0.202011040924/tools/bin/../lib/gcc/arm-none-eabi/9.3.1/thumb/v7e-m+fp/hard/crti.o
[...]
Memory Configuration

Name             Origin             Length             Attributes
CCMRAM           0x0000000010000000 0x0000000000010000 xrw
RAM              0x0000000020000000 0x0000000000020000 xrw
FLASH            0x0000000008000000 0x0000000000100000 xr
*default*        0x0000000000000000 0xffffffffffffffff

Linker script and memory map

LOAD c:/st/stm32cubeide_1.6.0/stm32cubeide/plugins/com.st.stm32cube.ide.mcu.externaltools.gnu-tools-for-stm32.9-2020-q2-update.win32_1.5.0.202011040924/tools/bin/../lib/gcc/arm-none-eabi/9.3.1/thumb/v7e-m+fp/hard/crti.o
LOAD c:/st/stm32cubeide_1.6.0/stm32cubeide/plugins/com.st.stm32cube.ide.mcu.externaltools.gnu-tools-for-stm32.9-2020-q2-update.win32_1.5.0.202011040924/tools/bin/../lib/gcc/arm-none-eabi/9.3.1/thumb/v7e-m+fp/hard/crtbegin.o
LOAD c:/st/stm32cubeide_1.6.0/stm32cubeide/plugins/com.st.stm32cube.ide.mcu.externaltools.gnu-tools-for-stm32.9-2020-q2-update.win32_1.5.0.202011040924/tools/bin/../lib/gcc/arm-none-eabi/9.3.1/../../../../arm-none-eabi/lib/thumb/v7e-m+fp/hard/crt0.o
LOAD Core/Src/main.o
LOAD Core/Src/stm32f4xx_hal_msp.o
LOAD Core/Src/stm32f4xx_it.o
LOAD Core/Src/syscalls.o
LOAD Core/Src/sysmem.o
LOAD Core/Src/system_stm32f4xx.o
LOAD Core/Startup/startup_stm32f407vgtx.o
LOAD Drivers/STM32F4xx_HAL_Driver/Src/stm32f4xx_hal.o
LOAD Drivers/STM32F4xx_HAL_Driver/Src/stm32f4xx_hal_cortex.o
LOAD Drivers/STM32F4xx_HAL_Driver/Src/stm32f4xx_hal_dma.o
LOAD Drivers/STM32F4xx_HAL_Driver/Src/stm32f4xx_hal_dma_ex.o
LOAD Drivers/STM32F4xx_HAL_Driver/Src/stm32f4xx_hal_exti.o
LOAD Drivers/STM32F4xx_HAL_Driver/Src/stm32f4xx_hal_flash.o
LOAD Drivers/STM32F4xx_HAL_Driver/Src/stm32f4xx_hal_flash_ex.o
LOAD Drivers/STM32F4xx_HAL_Driver/Src/stm32f4xx_hal_flash_ramfunc.o
LOAD Drivers/STM32F4xx_HAL_Driver/Src/stm32f4xx_hal_gpio.o
LOAD Drivers/STM32F4xx_HAL_Driver/Src/stm32f4xx_hal_pwr.o
LOAD Drivers/STM32F4xx_HAL_Driver/Src/stm32f4xx_hal_pwr_ex.o
LOAD Drivers/STM32F4xx_HAL_Driver/Src/stm32f4xx_hal_rcc.o
LOAD Drivers/STM32F4xx_HAL_Driver/Src/stm32f4xx_hal_rcc_ex.o
LOAD Drivers/STM32F4xx_HAL_Driver/Src/stm32f4xx_hal_tim.o
LOAD Drivers/STM32F4xx_HAL_Driver/Src/stm32f4xx_hal_tim_ex.o
LOAD Drivers/STM32F4xx_HAL_Driver/Src/stm32f4xx_hal_uart.o
START GROUP
LOAD c:/st/stm32cubeide_1.6.0/stm32cubeide/plugins/com.st.stm32cube.ide.mcu.externaltools.gnu-tools-for-stm32.9-2020-q2-update.win32_1.5.0.202011040924/tools/bin/../lib/gcc/arm-none-eabi/9.3.1/../../../../arm-none-eabi/lib/thumb/v7e-m+fp/hard\libc_nano.a
LOAD c:/st/stm32cubeide_1.6.0/stm32cubeide/plugins/com.st.stm32cube.ide.mcu.externaltools.gnu-tools-for-stm32.9-2020-q2-update.win32_1.5.0.202011040924/tools/bin/../lib/gcc/arm-none-eabi/9.3.1/../../../../arm-none-eabi/lib/thumb/v7e-m+fp/hard\libm.a
END GROUP
START GROUP
LOAD c:/st/stm32cubeide_1.6.0/stm32cubeide/plugins/com.st.stm32cube.ide.mcu.externaltools.gnu-tools-for-stm32.9-2020-q2-update.win32_1.5.0.202011040924/tools/bin/../lib/gcc/arm-none-eabi/9.3.1/thumb/v7e-m+fp/hard\libgcc.a
LOAD c:/st/stm32cubeide_1.6.0/stm32cubeide/plugins/com.st.stm32cube.ide.mcu.externaltools.gnu-tools-for-stm32.9-2020-q2-update.win32_1.5.0.202011040924/tools/bin/../lib/gcc/arm-none-eabi/9.3.1/../../../../arm-none-eabi/lib/thumb/v7e-m+fp/hard\libc_nano.a
END GROUP
START GROUP
LOAD c:/st/stm32cubeide_1.6.0/stm32cubeide/plugins/com.st.stm32cube.ide.mcu.externaltools.gnu-tools-for-stm32.9-2020-q2-update.win32_1.5.0.202011040924/tools/bin/../lib/gcc/arm-none-eabi/9.3.1/thumb/v7e-m+fp/hard\libgcc.a
LOAD c:/st/stm32cubeide_1.6.0/stm32cubeide/plugins/com.st.stm32cube.ide.mcu.externaltools.gnu-tools-for-stm32.9-2020-q2-update.win32_1.5.0.202011040924/tools/bin/../lib/gcc/arm-none-eabi/9.3.1/../../../../arm-none-eabi/lib/thumb/v7e-m+fp/hard\libc_nano.a
LOAD c:/st/stm32cubeide_1.6.0/stm32cubeide/plugins/com.st.stm32cube.ide.mcu.externaltools.gnu-tools-for-stm32.9-2020-q2-update.win32_1.5.0.202011040924/tools/bin/../lib/gcc/arm-none-eabi/9.3.1/../../../../arm-none-eabi/lib/thumb/v7e-m+fp/hard\libnosys.a
END GROUP
START GROUP
LOAD c:/st/stm32cubeide_1.6.0/stm32cubeide/plugins/com.st.stm32cube.ide.mcu.externaltools.gnu-tools-for-stm32.9-2020-q2-update.win32_1.5.0.202011040924/tools/bin/../lib/gcc/arm-none-eabi/9.3.1/thumb/v7e-m+fp/hard\libgcc.a
LOAD c:/st/stm32cubeide_1.6.0/stm32cubeide/plugins/com.st.stm32cube.ide.mcu.externaltools.gnu-tools-for-stm32.9-2020-q2-update.win32_1.5.0.202011040924/tools/bin/../lib/gcc/arm-none-eabi/9.3.1/../../../../arm-none-eabi/lib/thumb/v7e-m+fp/hard\libc_nano.a
LOAD c:/st/stm32cubeide_1.6.0/stm32cubeide/plugins/com.st.stm32cube.ide.mcu.externaltools.gnu-tools-for-stm32.9-2020-q2-update.win32_1.5.0.202011040924/tools/bin/../lib/gcc/arm-none-eabi/9.3.1/../../../../arm-none-eabi/lib/thumb/v7e-m+fp/hard\libnosys.a
END GROUP
LOAD c:/st/stm32cubeide_1.6.0/stm32cubeide/plugins/com.st.stm32cube.ide.mcu.externaltools.gnu-tools-for-stm32.9-2020-q2-update.win32_1.5.0.202011040924/tools/bin/../lib/gcc/arm-none-eabi/9.3.1/thumb/v7e-m+fp/hard/crtend.o
LOAD c:/st/stm32cubeide_1.6.0/stm32cubeide/plugins/com.st.stm32cube.ide.mcu.externaltools.gnu-tools-for-stm32.9-2020-q2-update.win32_1.5.0.202011040924/tools/bin/../lib/gcc/arm-none-eabi/9.3.1/thumb/v7e-m+fp/hard/crtn.o
                0x0000000020020000                _estack = (ORIGIN (RAM) + LENGTH (RAM))
                0x0000000000000200                _Min_Heap_Size = 0x200
                0x0000000000000400                _Min_Stack_Size = 0x400

.isr_vector     0x0000000008000000      0x188
                0x0000000008000000                . = ALIGN (0x4)
 *(.isr_vector)
 .isr_vector    0x0000000008000000      0x188 Core/Startup/startup_stm32f407vgtx.o
                0x0000000008000000                g_pfnVectors
                0x0000000008000188                . = ALIGN (0x4)

.text           0x0000000008000188     0x2620
                0x0000000008000188                . = ALIGN (0x4)
 *(.text)
 .text          0x0000000008000188       0x40 c:/st/stm32cubeide_1.6.0/stm32cubeide/plugins/com.st.stm32cube.ide.mcu.externaltools.gnu-tools-for-stm32.9-2020-q2-update.win32_1.5.0.202011040924/tools/bin/../lib/gcc/arm-none-eabi/9.3.1/thumb/v7e-m+fp/hard/crtbegin.o
 .text          0x00000000080001c8       0x30 c:/st/stm32cubeide_1.6.0/stm32cubeide/plugins/com.st.stm32cube.ide.mcu.externaltools.gnu-tools-for-stm32.9-2020-q2-update.win32_1.5.0.202011040924/tools/bin/../lib/gcc/arm-none-eabi/9.3.1/thumb/v7e-m+fp/hard\libgcc.a(_aeabi_uldivmod.o)
                0x00000000080001c8                __aeabi_uldivmod
 .text          0x00000000080001f8      0x2c4 c:/st/stm32cubeide_1.6.0/stm32cubeide/plugins/com.st.stm32cube.ide.mcu.externaltools.gnu-tools-for-stm32.9-2020-q2-update.win32_1.5.0.202011040924/tools/bin/../lib/gcc/arm-none-eabi/9.3.1/thumb/v7e-m+fp/hard\libgcc.a(_udivmoddi4.o)
                0x00000000080001f8                __udivmoddi4
 .text          0x00000000080004bc        0x4 c:/st/stm32cubeide_1.6.0/stm32cubeide/plugins/com.st.stm32cube.ide.mcu.externaltools.gnu-tools-for-stm32.9-2020-q2-update.win32_1.5.0.202011040924/tools/bin/../lib/gcc/arm-none-eabi/9.3.1/thumb/v7e-m+fp/hard\libgcc.a(_dvmd_tls.o)
                0x00000000080004bc                __aeabi_idiv0
                0x00000000080004bc                __aeabi_ldiv0
 *(.text*)
 .text.HAL_UART_RxCpltCallback
                0x00000000080004c0      0x110 Core/Src/main.o
                0x00000000080004c0                HAL_UART_RxCpltCallback
 .text.main     0x00000000080005d0       0x28 Core/Src/main.o
                0x00000000080005d0                main
 .text.SystemClock_Config
                0x00000000080005f8       0xd0 Core/Src/main.o
                0x00000000080005f8                SystemClock_Config
 .text.MX_USART1_UART_Init
                0x00000000080006c8       0x54 Core/Src/main.o
 .text.MX_GPIO_Init
                0x000000000800071c       0x88 Core/Src/main.o
 .text.Error_Handler
                0x00000000080007a4        0xa Core/Src/main.o
                0x00000000080007a4                Error_Handler
 *fill*         0x00000000080007ae        0x2 
 .text.HAL_MspInit
                0x00000000080007b0       0x50 Core/Src/stm32f4xx_hal_msp.o
                0x00000000080007b0                HAL_MspInit
 .text.HAL_UART_MspInit
                0x0000000008000800       0xa0 Core/Src/stm32f4xx_hal_msp.o
                0x0000000008000800                HAL_UART_MspInit
 .text.NMI_Handler
                0x00000000080008a0        0x6 Core/Src/stm32f4xx_it.o
                0x00000000080008a0                NMI_Handler
 .text.HardFault_Handler
                0x00000000080008a6        0x6 Core/Src/stm32f4xx_it.o
                0x00000000080008a6                HardFault_Handler
 .text.MemManage_Handler
                0x00000000080008ac        0x6 Core/Src/stm32f4xx_it.o
                0x00000000080008ac                MemManage_Handler
 .text.BusFault_Handler
                0x00000000080008b2        0x6 Core/Src/stm32f4xx_it.o
                0x00000000080008b2                BusFault_Handler
 .text.UsageFault_Handler
                0x00000000080008b8        0x6 Core/Src/stm32f4xx_it.o
                0x00000000080008b8                UsageFault_Handler
 .text.SVC_Handler
                0x00000000080008be        0xe Core/Src/stm32f4xx_it.o
                0x00000000080008be                SVC_Handler
 .text.DebugMon_Handler
                0x00000000080008cc        0xe Core/Src/stm32f4xx_it.o
                0x00000000080008cc                DebugMon_Handler
 .text.PendSV_Handler
                0x00000000080008da        0xe Core/Src/stm32f4xx_it.o
                0x00000000080008da                PendSV_Handler
 .text.SysTick_Handler
                0x00000000080008e8        0xc Core/Src/stm32f4xx_it.o
                0x00000000080008e8                SysTick_Handler
 .text.USART1_IRQHandler
                0x00000000080008f4       0x14 Core/Src/stm32f4xx_it.o
                0x00000000080008f4                USART1_IRQHandler
 .text.SystemInit
                0x0000000008000908       0x24 Core/Src/system_stm32f4xx.o
                0x0000000008000908                SystemInit
 .text.Reset_Handler
                0x000000000800092c       0x50 Core/Startup/startup_stm32f407vgtx.o
                0x000000000800092c                Reset_Handler
 .text.Default_Handler
                0x000000000800097c        0x2 Core/Startup/startup_stm32f407vgtx.o
                0x000000000800097c                RTC_Alarm_IRQHandler
                0x000000000800097c                HASH_RNG_IRQHandler
                0x000000000800097c                EXTI2_IRQHandler
                0x000000000800097c                TIM8_CC_IRQHandler
                0x000000000800097c                TIM1_CC_IRQHandler
                0x000000000800097c                DMA2_Stream5_IRQHandler
                0x000000000800097c                DMA1_Stream5_IRQHandler
                0x000000000800097c                PVD_IRQHandler
                0x000000000800097c                SDIO_IRQHandler
                0x000000000800097c                TAMP_STAMP_IRQHandler
                0x000000000800097c                CAN2_RX1_IRQHandler
                0x000000000800097c                EXTI3_IRQHandler
                0x000000000800097c                TIM8_TRG_COM_TIM14_IRQHandler
                0x000000000800097c                TIM1_UP_TIM10_IRQHandler
                0x000000000800097c                TIM8_UP_TIM13_IRQHandler
                0x000000000800097c                I2C3_ER_IRQHandler
                0x000000000800097c                EXTI0_IRQHandler
                0x000000000800097c                I2C2_EV_IRQHandler
                0x000000000800097c                DMA1_Stream2_IRQHandler
                0x000000000800097c                CAN1_RX0_IRQHandler
                0x000000000800097c                FPU_IRQHandler
                0x000000000800097c                OTG_HS_WKUP_IRQHandler
                0x000000000800097c                CAN2_SCE_IRQHandler
                0x000000000800097c                DMA2_Stream2_IRQHandler
                0x000000000800097c                SPI1_IRQHandler
                0x000000000800097c                TIM6_DAC_IRQHandler
                0x000000000800097c                TIM1_BRK_TIM9_IRQHandler
                0x000000000800097c                DCMI_IRQHandler
                0x000000000800097c                CAN2_RX0_IRQHandler
                0x000000000800097c                DMA2_Stream3_IRQHandler
                0x000000000800097c                USART6_IRQHandler
                0x000000000800097c                USART3_IRQHandler
                0x000000000800097c                CAN1_RX1_IRQHandler
                0x000000000800097c                UART5_IRQHandler
                0x000000000800097c                DMA2_Stream0_IRQHandler
                0x000000000800097c                TIM4_IRQHandler
                0x000000000800097c                I2C1_EV_IRQHandler
                0x000000000800097c                DMA1_Stream6_IRQHandler
                0x000000000800097c                DMA1_Stream1_IRQHandler
                0x000000000800097c                UART4_IRQHandler
                0x000000000800097c                TIM3_IRQHandler
                0x000000000800097c                RCC_IRQHandler
                0x000000000800097c                TIM8_BRK_TIM12_IRQHandler
                0x000000000800097c                Default_Handler
                0x000000000800097c                EXTI15_10_IRQHandler
                0x000000000800097c                ADC_IRQHandler
                0x000000000800097c                DMA1_Stream7_IRQHandler
                0x000000000800097c                TIM7_IRQHandler
                0x000000000800097c                CAN2_TX_IRQHandler
                0x000000000800097c                TIM5_IRQHandler
                0x000000000800097c                DMA2_Stream7_IRQHandler
                0x000000000800097c                I2C3_EV_IRQHandler
                0x000000000800097c                EXTI9_5_IRQHandler
                0x000000000800097c                RTC_WKUP_IRQHandler
                0x000000000800097c                ETH_WKUP_IRQHandler
                0x000000000800097c                SPI2_IRQHandler
                0x000000000800097c                OTG_HS_EP1_IN_IRQHandler
                0x000000000800097c                DMA1_Stream0_IRQHandler
                0x000000000800097c                CAN1_TX_IRQHandler
                0x000000000800097c                EXTI4_IRQHandler
                0x000000000800097c                FSMC_IRQHandler
                0x000000000800097c                ETH_IRQHandler
                0x000000000800097c                OTG_HS_EP1_OUT_IRQHandler
                0x000000000800097c                WWDG_IRQHandler
                0x000000000800097c                TIM2_IRQHandler
                0x000000000800097c                OTG_FS_WKUP_IRQHandler
                0x000000000800097c                TIM1_TRG_COM_TIM11_IRQHandler
                0x000000000800097c                OTG_HS_IRQHandler
                0x000000000800097c                EXTI1_IRQHandler
                0x000000000800097c                USART2_IRQHandler
                0x000000000800097c                I2C2_ER_IRQHandler
                0x000000000800097c                DMA2_Stream1_IRQHandler
                0x000000000800097c                CAN1_SCE_IRQHandler
                0x000000000800097c                FLASH_IRQHandler
                0x000000000800097c                DMA2_Stream4_IRQHandler
                0x000000000800097c                OTG_FS_IRQHandler
                0x000000000800097c                SPI3_IRQHandler
                0x000000000800097c                DMA1_Stream4_IRQHandler
                0x000000000800097c                I2C1_ER_IRQHandler
                0x000000000800097c                DMA2_Stream6_IRQHandler
                0x000000000800097c                DMA1_Stream3_IRQHandler
 *fill*         0x000000000800097e        0x2 
 .text.HAL_Init
                0x0000000008000980       0x44 Drivers/STM32F4xx_HAL_Driver/Src/stm32f4xx_hal.o
                0x0000000008000980                HAL_Init
 .text.HAL_InitTick
                0x00000000080009c4       0x60 Drivers/STM32F4xx_HAL_Driver/Src/stm32f4xx_hal.o
                0x00000000080009c4                HAL_InitTick
 .text.HAL_IncTick
                0x0000000008000a24       0x28 Drivers/STM32F4xx_HAL_Driver/Src/stm32f4xx_hal.o
                0x0000000008000a24                HAL_IncTick
 .text.HAL_GetTick
                0x0000000008000a4c       0x18 Drivers/STM32F4xx_HAL_Driver/Src/stm32f4xx_hal.o
                0x0000000008000a4c                HAL_GetTick
 .text.__NVIC_SetPriorityGrouping
                0x0000000008000a64       0x48 Drivers/STM32F4xx_HAL_Driver/Src/stm32f4xx_hal_cortex.o
 .text.__NVIC_GetPriorityGrouping
                0x0000000008000aac       0x1c Drivers/STM32F4xx_HAL_Driver/Src/stm32f4xx_hal_cortex.o
 .text.__NVIC_EnableIRQ
                0x0000000008000ac8       0x3c Drivers/STM32F4xx_HAL_Driver/Src/stm32f4xx_hal_cortex.o
 .text.__NVIC_SetPriority
                0x0000000008000b04       0x54 Drivers/STM32F4xx_HAL_Driver/Src/stm32f4xx_hal_cortex.o
 .text.NVIC_EncodePriority
                0x0000000008000b58       0x66 Drivers/STM32F4xx_HAL_Driver/Src/stm32f4xx_hal_cortex.o
 *fill*         0x0000000008000bbe        0x2 
 .text.SysTick_Config
                0x0000000008000bc0       0x44 Drivers/STM32F4xx_HAL_Driver/Src/stm32f4xx_hal_cortex.o
 .text.HAL_NVIC_SetPriorityGrouping
                0x0000000008000c04       0x16 Drivers/STM32F4xx_HAL_Driver/Src/stm32f4xx_hal_cortex.o
                0x0000000008000c04                HAL_NVIC_SetPriorityGrouping
 .text.HAL_NVIC_SetPriority
                0x0000000008000c1a       0x38 Drivers/STM32F4xx_HAL_Driver/Src/stm32f4xx_hal_cortex.o
                0x0000000008000c1a                HAL_NVIC_SetPriority
 .text.HAL_NVIC_EnableIRQ
                0x0000000008000c52       0x1c Drivers/STM32F4xx_HAL_Driver/Src/stm32f4xx_hal_cortex.o
                0x0000000008000c52                HAL_NVIC_EnableIRQ
 .text.HAL_SYSTICK_Config
                0x0000000008000c6e       0x18 Drivers/STM32F4xx_HAL_Driver/Src/stm32f4xx_hal_cortex.o
                0x0000000008000c6e                HAL_SYSTICK_Config
 .text.HAL_DMA_Abort
                0x0000000008000c86       0xe0 Drivers/STM32F4xx_HAL_Driver/Src/stm32f4xx_hal_dma.o
                0x0000000008000c86                HAL_DMA_Abort
 .text.HAL_DMA_Abort_IT
                0x0000000008000d66       0x44 Drivers/STM32F4xx_HAL_Driver/Src/stm32f4xx_hal_dma.o
                0x0000000008000d66                HAL_DMA_Abort_IT
 *fill*         0x0000000008000daa        0x2 
 .text.HAL_GPIO_Init
                0x0000000008000dac      0x338 Drivers/STM32F4xx_HAL_Driver/Src/stm32f4xx_hal_gpio.o
                0x0000000008000dac                HAL_GPIO_Init
 .text.HAL_GPIO_WritePin
                0x00000000080010e4       0x32 Drivers/STM32F4xx_HAL_Driver/Src/stm32f4xx_hal_gpio.o
                0x00000000080010e4                HAL_GPIO_WritePin
 *fill*         0x0000000008001116        0x2 
 .text.HAL_RCC_OscConfig
                0x0000000008001118      0x4f0 Drivers/STM32F4xx_HAL_Driver/Src/stm32f4xx_hal_rcc.o
                0x0000000008001118                HAL_RCC_OscConfig
 .text.HAL_RCC_ClockConfig
                0x0000000008001608      0x1cc Drivers/STM32F4xx_HAL_Driver/Src/stm32f4xx_hal_rcc.o
                0x0000000008001608                HAL_RCC_ClockConfig
 .text.HAL_RCC_GetSysClockFreq
                0x00000000080017d4      0x16c Drivers/STM32F4xx_HAL_Driver/Src/stm32f4xx_hal_rcc.o
                0x00000000080017d4                HAL_RCC_GetSysClockFreq
 .text.HAL_RCC_GetHCLKFreq
                0x0000000008001940       0x18 Drivers/STM32F4xx_HAL_Driver/Src/stm32f4xx_hal_rcc.o
                0x0000000008001940                HAL_RCC_GetHCLKFreq
 .text.HAL_RCC_GetPCLK1Freq
                0x0000000008001958       0x28 Drivers/STM32F4xx_HAL_Driver/Src/stm32f4xx_hal_rcc.o
                0x0000000008001958                HAL_RCC_GetPCLK1Freq
 .text.HAL_RCC_GetPCLK2Freq
                0x0000000008001980       0x28 Drivers/STM32F4xx_HAL_Driver/Src/stm32f4xx_hal_rcc.o
                0x0000000008001980                HAL_RCC_GetPCLK2Freq
 .text.HAL_UART_Init
                0x00000000080019a8       0x9a Drivers/STM32F4xx_HAL_Driver/Src/stm32f4xx_hal_uart.o
                0x00000000080019a8                HAL_UART_Init
 .text.HAL_UART_Receive_IT
                0x0000000008001a42       0x60 Drivers/STM32F4xx_HAL_Driver/Src/stm32f4xx_hal_uart.o
                0x0000000008001a42                HAL_UART_Receive_IT
 *fill*         0x0000000008001aa2        0x2 
 .text.HAL_UART_IRQHandler
                0x0000000008001aa4      0x51c Drivers/STM32F4xx_HAL_Driver/Src/stm32f4xx_hal_uart.o
                0x0000000008001aa4                HAL_UART_IRQHandler
 .text.HAL_UART_TxCpltCallback
                0x0000000008001fc0       0x14 Drivers/STM32F4xx_HAL_Driver/Src/stm32f4xx_hal_uart.o
                0x0000000008001fc0                HAL_UART_TxCpltCallback
 .text.HAL_UART_ErrorCallback
                0x0000000008001fd4       0x14 Drivers/STM32F4xx_HAL_Driver/Src/stm32f4xx_hal_uart.o
                0x0000000008001fd4                HAL_UART_ErrorCallback
 .text.HAL_UARTEx_RxEventCallback
                0x0000000008001fe8       0x18 Drivers/STM32F4xx_HAL_Driver/Src/stm32f4xx_hal_uart.o
                0x0000000008001fe8                HAL_UARTEx_RxEventCallback
 .text.UART_Start_Receive_IT
                0x0000000008002000       0x74 Drivers/STM32F4xx_HAL_Driver/Src/stm32f4xx_hal_uart.o
                0x0000000008002000                UART_Start_Receive_IT
 .text.UART_EndRxTransfer
                0x0000000008002074       0xc6 Drivers/STM32F4xx_HAL_Driver/Src/stm32f4xx_hal_uart.o
 .text.UART_DMAAbortOnError
                0x000000000800213a       0x28 Drivers/STM32F4xx_HAL_Driver/Src/stm32f4xx_hal_uart.o
 .text.UART_Transmit_IT
                0x0000000008002162       0xa0 Drivers/STM32F4xx_HAL_Driver/Src/stm32f4xx_hal_uart.o
 .text.UART_EndTransmit_IT
                0x0000000008002202       0x30 Drivers/STM32F4xx_HAL_Driver/Src/stm32f4xx_hal_uart.o
 .text.UART_Receive_IT
                0x0000000008002232      0x176 Drivers/STM32F4xx_HAL_Driver/Src/stm32f4xx_hal_uart.o
 .text.UART_SetConfig
                0x00000000080023a8      0x390 Drivers/STM32F4xx_HAL_Driver/Src/stm32f4xx_hal_uart.o
 .text.__libc_init_array
                0x0000000008002738       0x48 c:/st/stm32cubeide_1.6.0/stm32cubeide/plugins/com.st.stm32cube.ide.mcu.externaltools.gnu-tools-for-stm32.9-2020-q2-update.win32_1.5.0.202011040924/tools/bin/../lib/gcc/arm-none-eabi/9.3.1/../../../../arm-none-eabi/lib/thumb/v7e-m+fp/hard\libc_nano.a(lib_a-init.o)
                0x0000000008002738                __libc_init_array
 .text.memset   0x0000000008002780       0x10 c:/st/stm32cubeide_1.6.0/stm32cubeide/plugins/com.st.stm32cube.ide.mcu.externaltools.gnu-tools-for-stm32.9-2020-q2-update.win32_1.5.0.202011040924/tools/bin/../lib/gcc/arm-none-eabi/9.3.1/../../../../arm-none-eabi/lib/thumb/v7e-m+fp/hard\libc_nano.a(lib_a-memset.o)
                0x0000000008002780                memset
 *(.glue_7)
 .glue_7        0x0000000008002790        0x0 linker stubs
 *(.glue_7t)
 .glue_7t       0x0000000008002790        0x0 linker stubs
 *(.eh_frame)
 .eh_frame      0x0000000008002790        0x0 c:/st/stm32cubeide_1.6.0/stm32cubeide/plugins/com.st.stm32cube.ide.mcu.externaltools.gnu-tools-for-stm32.9-2020-q2-update.win32_1.5.0.202011040924/tools/bin/../lib/gcc/arm-none-eabi/9.3.1/thumb/v7e-m+fp/hard/crtbegin.o
 *(.init)
 .init          0x0000000008002790        0x4 c:/st/stm32cubeide_1.6.0/stm32cubeide/plugins/com.st.stm32cube.ide.mcu.externaltools.gnu-tools-for-stm32.9-2020-q2-update.win32_1.5.0.202011040924/tools/bin/../lib/gcc/arm-none-eabi/9.3.1/thumb/v7e-m+fp/hard/crti.o
                0x0000000008002790                _init
 .init          0x0000000008002794        0x8 c:/st/stm32cubeide_1.6.0/stm32cubeide/plugins/com.st.stm32cube.ide.mcu.externaltools.gnu-tools-for-stm32.9-2020-q2-update.win32_1.5.0.202011040924/tools/bin/../lib/gcc/arm-none-eabi/9.3.1/thumb/v7e-m+fp/hard/crtn.o
 *(.fini)
 .fini          0x000000000800279c        0x4 c:/st/stm32cubeide_1.6.0/stm32cubeide/plugins/com.st.stm32cube.ide.mcu.externaltools.gnu-tools-for-stm32.9-2020-q2-update.win32_1.5.0.202011040924/tools/bin/../lib/gcc/arm-none-eabi/9.3.1/thumb/v7e-m+fp/hard/crti.o
                0x000000000800279c                _fini
 .fini          0x00000000080027a0        0x8 c:/st/stm32cubeide_1.6.0/stm32cubeide/plugins/com.st.stm32cube.ide.mcu.externaltools.gnu-tools-for-stm32.9-2020-q2-update.win32_1.5.0.202011040924/tools/bin/../lib/gcc/arm-none-eabi/9.3.1/thumb/v7e-m+fp/hard/crtn.o
                0x00000000080027a8                . = ALIGN (0x4)
                0x00000000080027a8                _etext = .

.vfp11_veneer   0x00000000080027a8        0x0
 .vfp11_veneer  0x00000000080027a8        0x0 linker stubs

.v4_bx          0x00000000080027a8        0x0
 .v4_bx         0x00000000080027a8        0x0 linker stubs

.iplt           0x00000000080027a8        0x0
 .iplt          0x00000000080027a8        0x0 c:/st/stm32cubeide_1.6.0/stm32cubeide/plugins/com.st.stm32cube.ide.mcu.externaltools.gnu-tools-for-stm32.9-2020-q2-update.win32_1.5.0.202011040924/tools/bin/../lib/gcc/arm-none-eabi/9.3.1/thumb/v7e-m+fp/hard/crtbegin.o

.rodata         0x00000000080027a8       0x18
                0x00000000080027a8                . = ALIGN (0x4)
 *(.rodata)
 *(.rodata*)
 .rodata.AHBPrescTable
                0x00000000080027a8       0x10 Core/Src/system_stm32f4xx.o
                0x00000000080027a8                AHBPrescTable
 .rodata.APBPrescTable
                0x00000000080027b8        0x8 Core/Src/system_stm32f4xx.o
                0x00000000080027b8                APBPrescTable
                0x00000000080027c0                . = ALIGN (0x4)

.ARM.extab      0x00000000080027c0        0x0
                0x00000000080027c0                . = ALIGN (0x4)
 *(.ARM.extab* .gnu.linkonce.armextab.*)
                0x00000000080027c0                . = ALIGN (0x4)

.ARM            0x00000000080027c0        0x8
                0x00000000080027c0                . = ALIGN (0x4)
                0x00000000080027c0                __exidx_start = .
 *(.ARM.exidx*)
 .ARM.exidx     0x00000000080027c0        0x8 c:/st/stm32cubeide_1.6.0/stm32cubeide/plugins/com.st.stm32cube.ide.mcu.externaltools.gnu-tools-for-stm32.9-2020-q2-update.win32_1.5.0.202011040924/tools/bin/../lib/gcc/arm-none-eabi/9.3.1/thumb/v7e-m+fp/hard\libgcc.a(_udivmoddi4.o)
                0x00000000080027c8                __exidx_end = .
                0x00000000080027c8                . = ALIGN (0x4)

.rel.dyn        0x00000000080027c8        0x0
 .rel.iplt      0x00000000080027c8        0x0 c:/st/stm32cubeide_1.6.0/stm32cubeide/plugins/com.st.stm32cube.ide.mcu.externaltools.gnu-tools-for-stm32.9-2020-q2-update.win32_1.5.0.202011040924/tools/bin/../lib/gcc/arm-none-eabi/9.3.1/thumb/v7e-m+fp/hard/crtbegin.o

.preinit_array  0x00000000080027c8        0x0
                0x00000000080027c8                . = ALIGN (0x4)
                0x00000000080027c8                PROVIDE (__preinit_array_start = .)
 *(.preinit_array*)
                0x00000000080027c8                PROVIDE (__preinit_array_end = .)
                0x00000000080027c8                . = ALIGN (0x4)

.init_array     0x00000000080027c8        0x4
                0x00000000080027c8                . = ALIGN (0x4)
                0x00000000080027c8                PROVIDE (__init_array_start = .)
 *(SORT_BY_NAME(.init_array.*))
 *(.init_array*)
 .init_array    0x00000000080027c8        0x4 c:/st/stm32cubeide_1.6.0/stm32cubeide/plugins/com.st.stm32cube.ide.mcu.externaltools.gnu-tools-for-stm32.9-2020-q2-update.win32_1.5.0.202011040924/tools/bin/../lib/gcc/arm-none-eabi/9.3.1/thumb/v7e-m+fp/hard/crtbegin.o
                0x00000000080027cc                PROVIDE (__init_array_end = .)
                0x00000000080027cc                . = ALIGN (0x4)

.fini_array     0x00000000080027cc        0x4
                0x00000000080027cc                . = ALIGN (0x4)
                [!provide]                        PROVIDE (__fini_array_start = .)
 *(SORT_BY_NAME(.fini_array.*))
 *(.fini_array*)
 .fini_array    0x00000000080027cc        0x4 c:/st/stm32cubeide_1.6.0/stm32cubeide/plugins/com.st.stm32cube.ide.mcu.externaltools.gnu-tools-for-stm32.9-2020-q2-update.win32_1.5.0.202011040924/tools/bin/../lib/gcc/arm-none-eabi/9.3.1/thumb/v7e-m+fp/hard/crtbegin.o
                [!provide]                        PROVIDE (__fini_array_end = .)
                0x00000000080027d0                . = ALIGN (0x4)
                0x00000000080027d0                _sidata = LOADADDR (.data)

.data           0x0000000020000000       0x10 load address 0x00000000080027d0
                0x0000000020000000                . = ALIGN (0x4)
                0x0000000020000000                _sdata = .
 *(.data)
 *(.data*)
 .data.i        0x0000000020000000        0x1 Core/Src/main.o
                0x0000000020000000                i
 *fill*         0x0000000020000001        0x3 
 .data.SystemCoreClock
                0x0000000020000004        0x4 Core/Src/system_stm32f4xx.o
                0x0000000020000004                SystemCoreClock
 .data.uwTickPrio
                0x0000000020000008        0x4 Drivers/STM32F4xx_HAL_Driver/Src/stm32f4xx_hal.o
                0x0000000020000008                uwTickPrio
 .data.uwTickFreq
                0x000000002000000c        0x1 Drivers/STM32F4xx_HAL_Driver/Src/stm32f4xx_hal.o
                0x000000002000000c                uwTickFreq
 *(.RamFunc)
 *(.RamFunc*)
                0x0000000020000010                . = ALIGN (0x4)
 *fill*         0x000000002000000d        0x3 
                0x0000000020000010                _edata = .

.igot.plt       0x0000000020000010        0x0 load address 0x00000000080027e0
 .igot.plt      0x0000000020000010        0x0 c:/st/stm32cubeide_1.6.0/stm32cubeide/plugins/com.st.stm32cube.ide.mcu.externaltools.gnu-tools-for-stm32.9-2020-q2-update.win32_1.5.0.202011040924/tools/bin/../lib/gcc/arm-none-eabi/9.3.1/thumb/v7e-m+fp/hard/crtbegin.o
                0x0000000020000010                . = ALIGN (0x4)

.bss            0x0000000020000010       0xd8 load address 0x00000000080027e0
                0x0000000020000010                _sbss = .
                0x0000000020000010                __bss_start__ = _sbss
 *(.bss)
 .bss           0x0000000020000010       0x1c c:/st/stm32cubeide_1.6.0/stm32cubeide/plugins/com.st.stm32cube.ide.mcu.externaltools.gnu-tools-for-stm32.9-2020-q2-update.win32_1.5.0.202011040924/tools/bin/../lib/gcc/arm-none-eabi/9.3.1/thumb/v7e-m+fp/hard/crtbegin.o
 *(.bss*)
 .bss.rxCount   0x000000002000002c        0x1 Core/Src/main.o
                0x000000002000002c                rxCount
 *(COMMON)
 *fill*         0x000000002000002d        0x3 
 COMMON         0x0000000020000030       0xb4 Core/Src/main.o
                0x0000000020000030                rxTempBuffer
                0x000000002000003c                huart1
                0x0000000020000080                rxBuffer
 COMMON         0x00000000200000e4        0x4 Drivers/STM32F4xx_HAL_Driver/Src/stm32f4xx_hal.o
                0x00000000200000e4                uwTick
                0x00000000200000e8                . = ALIGN (0x4)
                0x00000000200000e8                _ebss = .
                0x00000000200000e8                __bss_end__ = _ebss

._user_heap_stack
                0x00000000200000e8      0x600 load address 0x00000000080027e0
                0x00000000200000e8                . = ALIGN (0x8)
                [!provide]                        PROVIDE (end = .)
                0x00000000200000e8                PROVIDE (_end = .)
                0x00000000200002e8                . = (. + _Min_Heap_Size)
 *fill*         0x00000000200000e8      0x200 
                0x00000000200006e8                . = (. + _Min_Stack_Size)
 *fill*         0x00000000200002e8      0x400 
                0x00000000200006e8                . = ALIGN (0x8)

/DISCARD/
 libc.a(*)
 libm.a(*)
 libgcc.a(*)

.ARM.attributes
                0x0000000000000000       0x30
 *(.ARM.attributes)
 .ARM.attributes
                0x0000000000000000       0x1e c:/st/stm32cubeide_1.6.0/stm32cubeide/plugins/com.st.stm32cube.ide.mcu.externaltools.gnu-tools-for-stm32.9-2020-q2-update.win32_1.5.0.202011040924/tools/bin/../lib/gcc/arm-none-eabi/9.3.1/thumb/v7e-m+fp/hard/crti.o
 .ARM.attributes
                0x000000000000001e       0x34 c:/st/stm32cubeide_1.6.0/stm32cubeide/plugins/com.st.stm32cube.ide.mcu.externaltools.gnu-tools-for-stm32.9-2020-q2-update.win32_1.5.0.202011040924/tools/bin/../lib/gcc/arm-none-eabi/9.3.1/thumb/v7e-m+fp/hard/crtbegin.o
 .ARM.attributes
                0x0000000000000052       0x34 Core/Src/main.o
 .ARM.attributes
                0x0000000000000086       0x34 Core/Src/stm32f4xx_hal_msp.o
 .ARM.attributes
                0x00000000000000ba       0x34 Core/Src/stm32f4xx_it.o
 .ARM.attributes
                0x00000000000000ee       0x34 Core/Src/system_stm32f4xx.o
 .ARM.attributes
                0x0000000000000122       0x21 Core/Startup/startup_stm32f407vgtx.o
 .ARM.attributes
                0x0000000000000143       0x34 Drivers/STM32F4xx_HAL_Driver/Src/stm32f4xx_hal.o
 .ARM.attributes
                0x0000000000000177       0x34 Drivers/STM32F4xx_HAL_Driver/Src/stm32f4xx_hal_cortex.o
 .ARM.attributes
                0x00000000000001ab       0x34 Drivers/STM32F4xx_HAL_Driver/Src/stm32f4xx_hal_dma.o
 .ARM.attributes
                0x00000000000001df       0x34 Drivers/STM32F4xx_HAL_Driver/Src/stm32f4xx_hal_gpio.o
 .ARM.attributes
                0x0000000000000213       0x34 Drivers/STM32F4xx_HAL_Driver/Src/stm32f4xx_hal_rcc.o
 .ARM.attributes
                0x0000000000000247       0x34 Drivers/STM32F4xx_HAL_Driver/Src/stm32f4xx_hal_uart.o
 .ARM.attributes
                0x000000000000027b       0x34 c:/st/stm32cubeide_1.6.0/stm32cubeide/plugins/com.st.stm32cube.ide.mcu.externaltools.gnu-tools-for-stm32.9-2020-q2-update.win32_1.5.0.202011040924/tools/bin/../lib/gcc/arm-none-eabi/9.3.1/../../../../arm-none-eabi/lib/thumb/v7e-m+fp/hard\libc_nano.a(lib_a-init.o)
 .ARM.attributes
                0x00000000000002af       0x34 c:/st/stm32cubeide_1.6.0/stm32cubeide/plugins/com.st.stm32cube.ide.mcu.externaltools.gnu-tools-for-stm32.9-2020-q2-update.win32_1.5.0.202011040924/tools/bin/../lib/gcc/arm-none-eabi/9.3.1/../../../../arm-none-eabi/lib/thumb/v7e-m+fp/hard\libc_nano.a(lib_a-memset.o)
 .ARM.attributes
                0x00000000000002e3       0x1e c:/st/stm32cubeide_1.6.0/stm32cubeide/plugins/com.st.stm32cube.ide.mcu.externaltools.gnu-tools-for-stm32.9-2020-q2-update.win32_1.5.0.202011040924/tools/bin/../lib/gcc/arm-none-eabi/9.3.1/thumb/v7e-m+fp/hard\libgcc.a(_aeabi_uldivmod.o)
 .ARM.attributes
                0x0000000000000301       0x34 c:/st/stm32cubeide_1.6.0/stm32cubeide/plugins/com.st.stm32cube.ide.mcu.externaltools.gnu-tools-for-stm32.9-2020-q2-update.win32_1.5.0.202011040924/tools/bin/../lib/gcc/arm-none-eabi/9.3.1/thumb/v7e-m+fp/hard\libgcc.a(_udivmoddi4.o)
 .ARM.attributes
                0x0000000000000335       0x1e c:/st/stm32cubeide_1.6.0/stm32cubeide/plugins/com.st.stm32cube.ide.mcu.externaltools.gnu-tools-for-stm32.9-2020-q2-update.win32_1.5.0.202011040924/tools/bin/../lib/gcc/arm-none-eabi/9.3.1/thumb/v7e-m+fp/hard\libgcc.a(_dvmd_tls.o)
 .ARM.attributes
                0x0000000000000353       0x1e c:/st/stm32cubeide_1.6.0/stm32cubeide/plugins/com.st.stm32cube.ide.mcu.externaltools.gnu-tools-for-stm32.9-2020-q2-update.win32_1.5.0.202011040924/tools/bin/../lib/gcc/arm-none-eabi/9.3.1/thumb/v7e-m+fp/hard/crtn.o
OUTPUT(DENEME_0051_USART_IT_TRIAL.elf elf32-littlearm)
LOAD linker stubs
LOAD c:/st/stm32cubeide_1.6.0/stm32cubeide/plugins/com.st.stm32cube.ide.mcu.externaltools.gnu-tools-for-stm32.9-2020-q2-update.win32_1.5.0.202011040924/tools/bin/../lib/gcc/arm-none-eabi/9.3.1/../../../../arm-none-eabi/lib/thumb/v7e-m+fp/hard\libc.a
LOAD c:/st/stm32cubeide_1.6.0/stm32cubeide/plugins/com.st.stm32cube.ide.mcu.externaltools.gnu-tools-for-stm32.9-2020-q2-update.win32_1.5.0.202011040924/tools/bin/../lib/gcc/arm-none-eabi/9.3.1/../../../../arm-none-eabi/lib/thumb/v7e-m+fp/hard\libm.a
LOAD c:/st/stm32cubeide_1.6.0/stm32cubeide/plugins/com.st.stm32cube.ide.mcu.externaltools.gnu-tools-for-stm32.9-2020-q2-update.win32_1.5.0.202011040924/tools/bin/../lib/gcc/arm-none-eabi/9.3.1/thumb/v7e-m+fp/hard\libgcc.a

.debug_info     0x0000000000000000     0x948e
 .debug_info    0x0000000000000000     0x1570 Core/Src/main.o
 .debug_info    0x0000000000001570      0xc1f Core/Src/stm32f4xx_hal_msp.o
 .debug_info    0x000000000000218f      0x70d Core/Src/stm32f4xx_it.o
 .debug_info    0x000000000000289c      0x5a4 Core/Src/system_stm32f4xx.o
 .debug_info    0x0000000000002e40       0x22 Core/Startup/startup_stm32f407vgtx.o
 .debug_info    0x0000000000002e62      0x9b2 Drivers/STM32F4xx_HAL_Driver/Src/stm32f4xx_hal.o
 .debug_info    0x0000000000003814      0xed7 Drivers/STM32F4xx_HAL_Driver/Src/stm32f4xx_hal_cortex.o
 .debug_info    0x00000000000046eb      0x9f1 Drivers/STM32F4xx_HAL_Driver/Src/stm32f4xx_hal_dma.o
 .debug_info    0x00000000000050dc      0x83e Drivers/STM32F4xx_HAL_Driver/Src/stm32f4xx_hal_gpio.o
 .debug_info    0x000000000000591a      0x996 Drivers/STM32F4xx_HAL_Driver/Src/stm32f4xx_hal_rcc.o
 .debug_info    0x00000000000062b0     0x31de Drivers/STM32F4xx_HAL_Driver/Src/stm32f4xx_hal_uart.o

.debug_abbrev   0x0000000000000000     0x1603
 .debug_abbrev  0x0000000000000000      0x2c1 Core/Src/main.o
 .debug_abbrev  0x00000000000002c1      0x1b5 Core/Src/stm32f4xx_hal_msp.o
 .debug_abbrev  0x0000000000000476      0x163 Core/Src/stm32f4xx_it.o
 .debug_abbrev  0x00000000000005d9      0x145 Core/Src/system_stm32f4xx.o
 .debug_abbrev  0x000000000000071e       0x12 Core/Startup/startup_stm32f407vgtx.o
 .debug_abbrev  0x0000000000000730      0x1ed Drivers/STM32F4xx_HAL_Driver/Src/stm32f4xx_hal.o
 .debug_abbrev  0x000000000000091d      0x33c Drivers/STM32F4xx_HAL_Driver/Src/stm32f4xx_hal_cortex.o
 .debug_abbrev  0x0000000000000c59      0x259 Drivers/STM32F4xx_HAL_Driver/Src/stm32f4xx_hal_dma.o
 .debug_abbrev  0x0000000000000eb2      0x1f1 Drivers/STM32F4xx_HAL_Driver/Src/stm32f4xx_hal_gpio.o
 .debug_abbrev  0x00000000000010a3      0x275 Drivers/STM32F4xx_HAL_Driver/Src/stm32f4xx_hal_rcc.o
 .debug_abbrev  0x0000000000001318      0x2eb Drivers/STM32F4xx_HAL_Driver/Src/stm32f4xx_hal_uart.o

.debug_aranges  0x0000000000000000      0x6a8
 .debug_aranges
                0x0000000000000000       0x48 Core/Src/main.o
 .debug_aranges
                0x0000000000000048       0x30 Core/Src/stm32f4xx_hal_msp.o
 .debug_aranges
                0x0000000000000078       0x68 Core/Src/stm32f4xx_it.o
 .debug_aranges
                0x00000000000000e0       0x28 Core/Src/system_stm32f4xx.o
 .debug_aranges
                0x0000000000000108       0x28 Core/Startup/startup_stm32f407vgtx.o
 .debug_aranges
                0x0000000000000130       0xf0 Drivers/STM32F4xx_HAL_Driver/Src/stm32f4xx_hal.o
 .debug_aranges
                0x0000000000000220      0x118 Drivers/STM32F4xx_HAL_Driver/Src/stm32f4xx_hal_cortex.o
 .debug_aranges
                0x0000000000000338       0x90 Drivers/STM32F4xx_HAL_Driver/Src/stm32f4xx_hal_dma.o
 .debug_aranges
                0x00000000000003c8       0x58 Drivers/STM32F4xx_HAL_Driver/Src/stm32f4xx_hal_gpio.o
 .debug_aranges
                0x0000000000000420       0x88 Drivers/STM32F4xx_HAL_Driver/Src/stm32f4xx_hal_rcc.o
 .debug_aranges
                0x00000000000004a8      0x200 Drivers/STM32F4xx_HAL_Driver/Src/stm32f4xx_hal_uart.o

.debug_ranges   0x0000000000000000      0x630
 .debug_ranges  0x0000000000000000       0x38 Core/Src/main.o
 .debug_ranges  0x0000000000000038       0x20 Core/Src/stm32f4xx_hal_msp.o
 .debug_ranges  0x0000000000000058       0x58 Core/Src/stm32f4xx_it.o
 .debug_ranges  0x00000000000000b0       0x18 Core/Src/system_stm32f4xx.o
 .debug_ranges  0x00000000000000c8       0x20 Core/Startup/startup_stm32f407vgtx.o
 .debug_ranges  0x00000000000000e8       0xe0 Drivers/STM32F4xx_HAL_Driver/Src/stm32f4xx_hal.o
 .debug_ranges  0x00000000000001c8      0x108 Drivers/STM32F4xx_HAL_Driver/Src/stm32f4xx_hal_cortex.o
 .debug_ranges  0x00000000000002d0       0x80 Drivers/STM32F4xx_HAL_Driver/Src/stm32f4xx_hal_dma.o
 .debug_ranges  0x0000000000000350       0x48 Drivers/STM32F4xx_HAL_Driver/Src/stm32f4xx_hal_gpio.o
 .debug_ranges  0x0000000000000398       0x78 Drivers/STM32F4xx_HAL_Driver/Src/stm32f4xx_hal_rcc.o
 .debug_ranges  0x0000000000000410      0x220 Drivers/STM32F4xx_HAL_Driver/Src/stm32f4xx_hal_uart.o

.debug_macro    0x0000000000000000    0x1fbac
 .debug_macro   0x0000000000000000      0x29b Core/Src/main.o
 .debug_macro   0x000000000000029b      0xaa8 Core/Src/main.o
 .debug_macro   0x0000000000000d43      0x295 Core/Src/main.o
 .debug_macro   0x0000000000000fd8       0x2e Core/Src/main.o
 .debug_macro   0x0000000000001006       0x2f Core/Src/main.o
 .debug_macro   0x0000000000001035       0x22 Core/Src/main.o
 .debug_macro   0x0000000000001057       0x8e Core/Src/main.o
 .debug_macro   0x00000000000010e5       0x51 Core/Src/main.o
 .debug_macro   0x0000000000001136      0x103 Core/Src/main.o
 .debug_macro   0x0000000000001239       0x6a Core/Src/main.o
 .debug_macro   0x00000000000012a3      0x1df Core/Src/main.o
 .debug_macro   0x0000000000001482       0x1c Core/Src/main.o
 .debug_macro   0x000000000000149e       0x22 Core/Src/main.o
 .debug_macro   0x00000000000014c0       0xdf Core/Src/main.o
 .debug_macro   0x000000000000159f     0x102d Core/Src/main.o
 .debug_macro   0x00000000000025cc      0x11f Core/Src/main.o
 .debug_macro   0x00000000000026eb    0x15e58 Core/Src/main.o
 .debug_macro   0x0000000000018543       0x6d Core/Src/main.o
 .debug_macro   0x00000000000185b0     0x3666 Core/Src/main.o
 .debug_macro   0x000000000001bc16      0x174 Core/Src/main.o
 .debug_macro   0x000000000001bd8a       0x5c Core/Src/main.o
 .debug_macro   0x000000000001bde6      0x96b Core/Src/main.o
 .debug_macro   0x000000000001c751      0x9fe Core/Src/main.o
 .debug_macro   0x000000000001d14f      0x116 Core/Src/main.o
 .debug_macro   0x000000000001d265      0x13e Core/Src/main.o
 .debug_macro   0x000000000001d3a3       0xa5 Core/Src/main.o
 .debug_macro   0x000000000001d448      0x174 Core/Src/main.o
 .debug_macro   0x000000000001d5bc      0x287 Core/Src/main.o
 .debug_macro   0x000000000001d843       0x5f Core/Src/main.o
 .debug_macro   0x000000000001d8a2      0x236 Core/Src/main.o
 .debug_macro   0x000000000001dad8      0x12c Core/Src/main.o
 .debug_macro   0x000000000001dc04      0x21e Core/Src/main.o
 .debug_macro   0x000000000001de22       0x2e Core/Src/main.o
 .debug_macro   0x000000000001de50      0x11a Core/Src/main.o
 .debug_macro   0x000000000001df6a       0x7e Core/Src/main.o
 .debug_macro   0x000000000001dfe8       0x89 Core/Src/main.o
 .debug_macro   0x000000000001e071      0x295 Core/Src/main.o
 .debug_macro   0x000000000001e306      0x12d Core/Src/main.o
 .debug_macro   0x000000000001e433       0x22 Core/Src/main.o
 .debug_macro   0x000000000001e455       0x52 Core/Src/main.o
 .debug_macro   0x000000000001e4a7       0x18 Core/Src/main.o
 .debug_macro   0x000000000001e4bf       0x3c Core/Src/main.o
 .debug_macro   0x000000000001e4fb       0x34 Core/Src/main.o
 .debug_macro   0x000000000001e52f       0x16 Core/Src/main.o
 .debug_macro   0x000000000001e545       0x43 Core/Src/main.o
 .debug_macro   0x000000000001e588       0x34 Core/Src/main.o
 .debug_macro   0x000000000001e5bc       0x10 Core/Src/main.o
 .debug_macro   0x000000000001e5cc       0x58 Core/Src/main.o
 .debug_macro   0x000000000001e624       0x71 Core/Src/main.o
 .debug_macro   0x000000000001e695       0x1c Core/Src/main.o
 .debug_macro   0x000000000001e6b1      0x12a Core/Src/main.o
 .debug_macro   0x000000000001e7db      0x333 Core/Src/main.o
 .debug_macro   0x000000000001eb0e       0x10 Core/Src/main.o
 .debug_macro   0x000000000001eb1e       0x35 Core/Src/main.o
 .debug_macro   0x000000000001eb53       0x20 Core/Src/main.o
 .debug_macro   0x000000000001eb73      0x1c4 Core/Src/stm32f4xx_hal_msp.o
 .debug_macro   0x000000000001ed37      0x1ce Core/Src/stm32f4xx_it.o
 .debug_macro   0x000000000001ef05      0x1ba Core/Src/system_stm32f4xx.o
 .debug_macro   0x000000000001f0bf      0x21a Drivers/STM32F4xx_HAL_Driver/Src/stm32f4xx_hal.o
 .debug_macro   0x000000000001f2d9      0x1ba Drivers/STM32F4xx_HAL_Driver/Src/stm32f4xx_hal_cortex.o
 .debug_macro   0x000000000001f493      0x1c0 Drivers/STM32F4xx_HAL_Driver/Src/stm32f4xx_hal_dma.o
 .debug_macro   0x000000000001f653      0x1c0 Drivers/STM32F4xx_HAL_Driver/Src/stm32f4xx_hal_gpio.o
 .debug_macro   0x000000000001f813      0x1de Drivers/STM32F4xx_HAL_Driver/Src/stm32f4xx_hal_rcc.o
 .debug_macro   0x000000000001f9f1      0x1bb Drivers/STM32F4xx_HAL_Driver/Src/stm32f4xx_hal_uart.o

.debug_line     0x0000000000000000     0x8641
 .debug_line    0x0000000000000000      0x9d3 Core/Src/main.o
 .debug_line    0x00000000000009d3      0x6e6 Core/Src/stm32f4xx_hal_msp.o
 .debug_line    0x00000000000010b9      0x770 Core/Src/stm32f4xx_it.o
 .debug_line    0x0000000000001829      0x717 Core/Src/system_stm32f4xx.o
 .debug_line    0x0000000000001f40       0x88 Core/Startup/startup_stm32f407vgtx.o
 .debug_line    0x0000000000001fc8      0x97d Drivers/STM32F4xx_HAL_Driver/Src/stm32f4xx_hal.o
 .debug_line    0x0000000000002945      0xc2c Drivers/STM32F4xx_HAL_Driver/Src/stm32f4xx_hal_cortex.o
 .debug_line    0x0000000000003571      0xee2 Drivers/STM32F4xx_HAL_Driver/Src/stm32f4xx_hal_dma.o
 .debug_line    0x0000000000004453      0xaf3 Drivers/STM32F4xx_HAL_Driver/Src/stm32f4xx_hal_gpio.o
 .debug_line    0x0000000000004f46      0xcf7 Drivers/STM32F4xx_HAL_Driver/Src/stm32f4xx_hal_rcc.o
 .debug_line    0x0000000000005c3d     0x2a04 Drivers/STM32F4xx_HAL_Driver/Src/stm32f4xx_hal_uart.o

.debug_str      0x0000000000000000    0xc19e4
 .debug_str     0x0000000000000000    0xbfd1c Core/Src/main.o
                                      0xc006f (size before relaxing)
 .debug_str     0x00000000000bfd1c      0x521 Core/Src/stm32f4xx_hal_msp.o
                                      0xbd158 (size before relaxing)
 .debug_str     0x00000000000c023d       0xcf Core/Src/stm32f4xx_it.o
                                      0xbcb7f (size before relaxing)
 .debug_str     0x00000000000c030c       0xaf Core/Src/system_stm32f4xx.o
                                      0xbc815 (size before relaxing)
 .debug_str     0x00000000000c03bb       0x36 Core/Startup/startup_stm32f407vgtx.o
                                         0x6a (size before relaxing)
 .debug_str     0x00000000000c03f1      0x58d Drivers/STM32F4xx_HAL_Driver/Src/stm32f4xx_hal.o
                                      0xbd2f7 (size before relaxing)
 .debug_str     0x00000000000c097e      0x399 Drivers/STM32F4xx_HAL_Driver/Src/stm32f4xx_hal_cortex.o
                                      0xbd0e6 (size before relaxing)
 .debug_str     0x00000000000c0d17      0x322 Drivers/STM32F4xx_HAL_Driver/Src/stm32f4xx_hal_dma.o
                                      0xbcc3f (size before relaxing)
 .debug_str     0x00000000000c1039      0x15a Drivers/STM32F4xx_HAL_Driver/Src/stm32f4xx_hal_gpio.o
                                      0xbc9bc (size before relaxing)
 .debug_str     0x00000000000c1193      0x259 Drivers/STM32F4xx_HAL_Driver/Src/stm32f4xx_hal_rcc.o
                                      0xbcc17 (size before relaxing)
 .debug_str     0x00000000000c13ec      0x5f8 Drivers/STM32F4xx_HAL_Driver/Src/stm32f4xx_hal_uart.o
                                      0xbd19d (size before relaxing)

.comment        0x0000000000000000       0x53
 .comment       0x0000000000000000       0x53 Core/Src/main.o
                                         0x54 (size before relaxing)
 .comment       0x0000000000000053       0x54 Core/Src/stm32f4xx_hal_msp.o
 .comment       0x0000000000000053       0x54 Core/Src/stm32f4xx_it.o
 .comment       0x0000000000000053       0x54 Core/Src/system_stm32f4xx.o
 .comment       0x0000000000000053       0x54 Drivers/STM32F4xx_HAL_Driver/Src/stm32f4xx_hal.o
 .comment       0x0000000000000053       0x54 Drivers/STM32F4xx_HAL_Driver/Src/stm32f4xx_hal_cortex.o
 .comment       0x0000000000000053       0x54 Drivers/STM32F4xx_HAL_Driver/Src/stm32f4xx_hal_dma.o
 .comment       0x0000000000000053       0x54 Drivers/STM32F4xx_HAL_Driver/Src/stm32f4xx_hal_gpio.o
 .comment       0x0000000000000053       0x54 Drivers/STM32F4xx_HAL_Driver/Src/stm32f4xx_hal_rcc.o
 .comment       0x0000000000000053       0x54 Drivers/STM32F4xx_HAL_Driver/Src/stm32f4xx_hal_uart.o

.debug_frame    0x0000000000000000     0x1a30
 .debug_frame   0x0000000000000000       0xcc Core/Src/main.o
 .debug_frame   0x00000000000000cc       0x80 Core/Src/stm32f4xx_hal_msp.o
 .debug_frame   0x000000000000014c      0x120 Core/Src/stm32f4xx_it.o
 .debug_frame   0x000000000000026c       0x58 Core/Src/system_stm32f4xx.o
 .debug_frame   0x00000000000002c4      0x374 Drivers/STM32F4xx_HAL_Driver/Src/stm32f4xx_hal.o
 .debug_frame   0x0000000000000638      0x498 Drivers/STM32F4xx_HAL_Driver/Src/stm32f4xx_hal_cortex.o
 .debug_frame   0x0000000000000ad0      0x250 Drivers/STM32F4xx_HAL_Driver/Src/stm32f4xx_hal_dma.o
 .debug_frame   0x0000000000000d20      0x14c Drivers/STM32F4xx_HAL_Driver/Src/stm32f4xx_hal_gpio.o
 .debug_frame   0x0000000000000e6c      0x1ec Drivers/STM32F4xx_HAL_Driver/Src/stm32f4xx_hal_rcc.o
 .debug_frame   0x0000000000001058      0x92c Drivers/STM32F4xx_HAL_Driver/Src/stm32f4xx_hal_uart.o
 .debug_frame   0x0000000000001984       0x2c c:/st/stm32cubeide_1.6.0/stm32cubeide/plugins/com.st.stm32cube.ide.mcu.externaltools.gnu-tools-for-stm32.9-2020-q2-update.win32_1.5.0.202011040924/tools/bin/../lib/gcc/arm-none-eabi/9.3.1/../../../../arm-none-eabi/lib/thumb/v7e-m+fp/hard\libc_nano.a(lib_a-init.o)
 .debug_frame   0x00000000000019b0       0x20 c:/st/stm32cubeide_1.6.0/stm32cubeide/plugins/com.st.stm32cube.ide.mcu.externaltools.gnu-tools-for-stm32.9-2020-q2-update.win32_1.5.0.202011040924/tools/bin/../lib/gcc/arm-none-eabi/9.3.1/../../../../arm-none-eabi/lib/thumb/v7e-m+fp/hard\libc_nano.a(lib_a-memset.o)
 .debug_frame   0x00000000000019d0       0x2c c:/st/stm32cubeide_1.6.0/stm32cubeide/plugins/com.st.stm32cube.ide.mcu.externaltools.gnu-tools-for-stm32.9-2020-q2-update.win32_1.5.0.202011040924/tools/bin/../lib/gcc/arm-none-eabi/9.3.1/thumb/v7e-m+fp/hard\libgcc.a(_aeabi_uldivmod.o)
 .debug_frame   0x00000000000019fc       0x34 c:/st/stm32cubeide_1.6.0/stm32cubeide/plugins/com.st.stm32cube.ide.mcu.externaltools.gnu-tools-for-stm32.9-2020-q2-update.win32_1.5.0.202011040924/tools/bin/../lib/gcc/arm-none-eabi/9.3.1/thumb/v7e-m+fp/hard\libgcc.a(_udivmoddi4.o)
